::1 - - [26/Jan/2026 10:04:20] "HEAD / HTTP/1.1" 200 -
::1 - - [26/Jan/2026 10:05:23] code 404, message File not found
::1 - - [26/Jan/2026 10:05:23] code 404, message File not found
::1 - - [26/Jan/2026 10:05:23] "GET /@react-refresh HTTP/1.1" 404 -
::1 - - [26/Jan/2026 10:05:23] code 404, message File not found
::1 - - [26/Jan/2026 10:05:23] code 404, message File not found
::1 - - [26/Jan/2026 10:05:23] "GET /src/main.jsx HTTP/1.1" 404 -
::1 - - [26/Jan/2026 10:05:23] "GET /@vite-plugin-pwa/pwa-entry-point-loaded HTTP/1.1" 404 -
::1 - - [26/Jan/2026 10:05:23] "GET /@vite/client HTTP/1.1" 404 -
::1 - - [26/Jan/2026 10:05:23] code 404, message File not found
::1 - - [26/Jan/2026 10:05:23] "GET /manifest.webmanifest HTTP/1.1" 404 -
::1 - - [26/Jan/2026 10:05:25] code 404, message File not found
::1 - - [26/Jan/2026 10:05:25] "GET /dev-sw.js?dev-sw HTTP/1.1" 404 -
::1 - - [26/Jan/2026 10:05:54] code 404, message File not found
::1 - - [26/Jan/2026 10:05:54] "GET /dev-sw.js?dev-sw HTTP/1.1" 404 -
::1 - - [26/Jan/2026 10:07:14] "GET / HTTP/1.1" 200 -
::1 - - [26/Jan/2026 10:07:14] code 404, message File not found
::1 - - [26/Jan/2026 10:07:14] "GET /.well-known/appspecific/com.chrome.devtools.json HTTP/1.1" 404 -
::1 - - [26/Jan/2026 10:07:14] "GET /js/admin.js HTTP/1.1" 200 -
::1 - - [26/Jan/2026 10:07:15] code 404, message File not found
::1 - - [26/Jan/2026 10:07:15] "GET /favicon.ico HTTP/1.1" 404 -
::1 - - [26/Jan/2026 10:07:19] "GET /? HTTP/1.1" 200 -
::1 - - [26/Jan/2026 10:07:19] code 404, message File not found
::1 - - [26/Jan/2026 10:07:19] "GET /.well-known/appspecific/com.chrome.devtools.json HTTP/1.1" 404 -
::1 - - [26/Jan/2026 10:07:28] code 404, message File not found
::1 - - [26/Jan/2026 10:07:28] "GET /.well-known/appspecific/com.chrome.devtools.json HTTP/1.1" 404 -
::1 - - [26/Jan/2026 10:08:15] "GET /? HTTP/1.1" 304 -
::1 - - [26/Jan/2026 10:08:15] "GET /js/admin.js HTTP/1.1" 304 -
::1 - - [26/Jan/2026 10:08:15] code 404, message File not found
::1 - - [26/Jan/2026 10:08:15] "GET /.well-known/appspecific/com.chrome.devtools.json HTTP/1.1" 404 -
::1 - - [26/Jan/2026 10:08:27] code 404, message File not found
::1 - - [26/Jan/2026 10:08:27] "GET /.well-known/appspecific/com.chrome.devtools.json HTTP/1.1" 404 -
::1 - - [26/Jan/2026 10:10:05] "GET /? HTTP/1.1" 304 -
::1 - - [26/Jan/2026 10:10:05] code 404, message File not found
::1 - - [26/Jan/2026 10:10:05] "GET /.well-known/appspecific/com.chrome.devtools.json HTTP/1.1" 404 -
::1 - - [26/Jan/2026 10:10:05] "GET /js/admin.js HTTP/1.1" 200 -
::1 - - [26/Jan/2026 10:10:44] "HEAD / HTTP/1.1" 200 -
::1 - - [26/Jan/2026 10:10:51] "GET /? HTTP/1.1" 304 -
::1 - - [26/Jan/2026 10:10:51] code 404, message File not found
::1 - - [26/Jan/2026 10:10:51] "GET /.well-known/appspecific/com.chrome.devtools.json HTTP/1.1" 404 -
::1 - - [26/Jan/2026 10:10:51] "GET /js/admin.js HTTP/1.1" 200 -
::1 - - [26/Jan/2026 10:19:07] "GET /? HTTP/1.1" 200 -
::1 - - [26/Jan/2026 10:19:07] "GET /js/admin.js HTTP/1.1" 200 -
::1 - - [26/Jan/2026 21:57:26] "GET /? HTTP/1.1" 200 -
::1 - - [26/Jan/2026 21:57:26] "GET /js/admin.js HTTP/1.1" 200 -
::1 - - [26/Jan/2026 22:03:43] "GET /? HTTP/1.1" 200 -
::1 - - [26/Jan/2026 22:03:43] "GET /js/admin.js HTTP/1.1" 200 -
::1 - - [26/Jan/2026 22:04:29] "GET /? HTTP/1.1" 304 -
::1 - - [26/Jan/2026 22:04:29] "GET /js/admin.js HTTP/1.1" 304 -
::1 - - [26/Jan/2026 22:06:14] "GET /? HTTP/1.1" 304 -
::1 - - [26/Jan/2026 22:06:14] "GET /js/admin.js HTTP/1.1" 200 -
::1 - - [26/Jan/2026 22:06:41] code 501, message Unsupported method ('POST')
::1 - - [26/Jan/2026 22:06:41] "POST /api/settings HTTP/1.1" 501 -
::1 - - [26/Jan/2026 22:06:52] code 501, message Unsupported method ('POST')
::1 - - [26/Jan/2026 22:06:52] "POST /api/settings HTTP/1.1" 501 -
::1 - - [26/Jan/2026 22:07:00] code 501, message Unsupported method ('POST')
::1 - - [26/Jan/2026 22:07:00] "POST /api/settings HTTP/1.1" 501 -
::1 - - [26/Jan/2026 22:07:25] code 501, message Unsupported method ('POST')
::1 - - [26/Jan/2026 22:07:25] "POST /api/settings HTTP/1.1" 501 -
::1 - - [26/Jan/2026 22:08:23] code 501, message Unsupported method ('POST')
::1 - - [26/Jan/2026 22:08:23] "POST /api/settings HTTP/1.1" 501 -
::1 - - [26/Jan/2026 22:09:17] code 501, message Unsupported method ('POST')
::1 - - [26/Jan/2026 22:09:17] "POST /api/settings HTTP/1.1" 501 -
::1 - - [26/Jan/2026 22:09:20] "GET /? HTTP/1.1" 304 -
::1 - - [26/Jan/2026 22:09:20] "GET /js/admin.js HTTP/1.1" 200 -
::1 - - [26/Jan/2026 22:09:39] code 404, message File not found
::1 - - [26/Jan/2026 22:09:39] "GET /.well-known/appspecific/com.chrome.devtools.json HTTP/1.1" 404 -
::1 - - [26/Jan/2026 22:11:28] "GET /? HTTP/1.1" 304 -
::1 - - [26/Jan/2026 22:11:28] code 404, message File not found
::1 - - [26/Jan/2026 22:11:28] "GET /.well-known/appspecific/com.chrome.devtools.json HTTP/1.1" 404 -
::1 - - [26/Jan/2026 22:11:28] "GET /js/admin.js HTTP/1.1" 304 -
::1 - - [26/Jan/2026 22:11:35] "GET /? HTTP/1.1" 304 -
::1 - - [26/Jan/2026 22:11:35] code 404, message File not found
::1 - - [26/Jan/2026 22:11:35] "GET /.well-known/appspecific/com.chrome.devtools.json HTTP/1.1" 404 -
::1 - - [26/Jan/2026 22:12:50] "GET /? HTTP/1.1" 304 -
::1 - - [26/Jan/2026 22:12:50] code 404, message File not found
::1 - - [26/Jan/2026 22:12:50] "GET /.well-known/appspecific/com.chrome.devtools.json HTTP/1.1" 404 -
::1 - - [26/Jan/2026 22:12:50] "GET /js/admin.js HTTP/1.1" 200 -
::1 - - [26/Jan/2026 22:14:41] "GET /? HTTP/1.1" 304 -
::1 - - [26/Jan/2026 22:14:41] code 404, message File not found
::1 - - [26/Jan/2026 22:14:41] "GET /.well-known/appspecific/com.chrome.devtools.json HTTP/1.1" 404 -
::1 - - [26/Jan/2026 22:14:41] "GET /js/admin.js HTTP/1.1" 200 -
::1 - - [26/Jan/2026 22:14:53] "GET /? HTTP/1.1" 304 -
::1 - - [26/Jan/2026 22:14:53] code 404, message File not found
::1 - - [26/Jan/2026 22:14:53] "GET /.well-known/appspecific/com.chrome.devtools.json HTTP/1.1" 404 -
::1 - - [26/Jan/2026 22:14:53] "GET /js/admin.js HTTP/1.1" 304 -
::1 - - [26/Jan/2026 22:17:12] "GET /? HTTP/1.1" 304 -
::1 - - [26/Jan/2026 22:17:12] code 404, message File not found
::1 - - [26/Jan/2026 22:17:12] "GET /.well-known/appspecific/com.chrome.devtools.json HTTP/1.1" 404 -
::1 - - [26/Jan/2026 22:17:12] "GET /js/admin.js HTTP/1.1" 200 -
::1 - - [26/Jan/2026 22:17:12] code 404, message File not found
::1 - - [26/Jan/2026 22:17:12] code 404, message File not found
::1 - - [26/Jan/2026 22:17:12] "GET /api/health HTTP/1.1" 404 -
::1 - - [26/Jan/2026 22:17:12] "GET /api/settings/theme HTTP/1.1" 404 -
::1 - - [26/Jan/2026 22:17:18] code 501, message Unsupported method ('POST')
::1 - - [26/Jan/2026 22:17:18] "POST /api/auth/login HTTP/1.1" 501 -
::1 - - [26/Jan/2026 22:17:34] code 501, message Unsupported method ('POST')
::1 - - [26/Jan/2026 22:17:34] "POST /api/auth/login HTTP/1.1" 501 -
::1 - - [26/Jan/2026 22:18:25] code 501, message Unsupported method ('POST')
::1 - - [26/Jan/2026 22:18:25] "POST /api/auth/login HTTP/1.1" 501 -
::1 - - [26/Jan/2026 22:18:46] code 501, message Unsupported method ('POST')
::1 - - [26/Jan/2026 22:18:46] "POST /api/auth/login HTTP/1.1" 501 -
::1 - - [26/Jan/2026 22:20:56] code 501, message Unsupported method ('POST')
::1 - - [26/Jan/2026 22:20:56] "POST /api/auth/login HTTP/1.1" 501 -
::1 - - [26/Jan/2026 22:20:59] "GET /? HTTP/1.1" 304 -
::1 - - [26/Jan/2026 22:20:59] "GET /js/admin.js HTTP/1.1" 304 -
::1 - - [26/Jan/2026 22:20:59] code 404, message File not found
::1 - - [26/Jan/2026 22:20:59] "GET /.well-known/appspecific/com.chrome.devtools.json HTTP/1.1" 404 -
::1 - - [26/Jan/2026 22:20:59] code 404, message File not found
::1 - - [26/Jan/2026 22:20:59] "GET /api/health HTTP/1.1" 404 -
::1 - - [26/Jan/2026 22:20:59] code 404, message File not found
::1 - - [26/Jan/2026 22:20:59] "GET /api/settings/theme HTTP/1.1" 404 -
::1 - - [26/Jan/2026 22:21:03] code 501, message Unsupported method ('POST')
::1 - - [26/Jan/2026 22:21:03] "POST /api/auth/login HTTP/1.1" 501 -
::1 - - [26/Jan/2026 22:22:00] code 501, message Unsupported method ('POST')
::1 - - [26/Jan/2026 22:22:00] "POST /api/auth/login HTTP/1.1" 501 -
::1 - - [26/Jan/2026 22:22:39] code 501, message Unsupported method ('POST')
::1 - - [26/Jan/2026 22:22:39] "POST /api/auth/login HTTP/1.1" 501 -
::1 - - [26/Jan/2026 22:22:43] "GET /? HTTP/1.1" 304 -
::1 - - [26/Jan/2026 22:22:44] code 404, message File not found
::1 - - [26/Jan/2026 22:22:44] "GET /.well-known/appspecific/com.chrome.devtools.json HTTP/1.1" 404 -
::1 - - [26/Jan/2026 22:22:44] "GET /js/admin.js HTTP/1.1" 304 -
::1 - - [26/Jan/2026 22:22:44] code 404, message File not found
::1 - - [26/Jan/2026 22:22:44] "GET /api/health HTTP/1.1" 404 -
::1 - - [26/Jan/2026 22:22:44] code 404, message File not found
::1 - - [26/Jan/2026 22:22:44] "GET /api/settings/theme HTTP/1.1" 404 -
::1 - - [26/Jan/2026 22:22:54] code 501, message Unsupported method ('POST')
::1 - - [26/Jan/2026 22:22:54] "POST /api/auth/login HTTP/1.1" 501 -
::1 - - [26/Jan/2026 22:23:33] code 501, message Unsupported method ('POST')
::1 - - [26/Jan/2026 22:23:33] "POST /api/auth/login HTTP/1.1" 501 -
::1 - - [26/Jan/2026 22:23:50] code 501, message Unsupported method ('POST')
::1 - - [26/Jan/2026 22:23:50] "POST /api/auth/login HTTP/1.1" 501 -
::1 - - [26/Jan/2026 22:24:52] code 501, message Unsupported method ('POST')
::1 - - [26/Jan/2026 22:24:52] "POST /api/auth/login HTTP/1.1" 501 -
::1 - - [26/Jan/2026 22:25:18] "GET /? HTTP/1.1" 304 -
::1 - - [26/Jan/2026 22:25:18] code 404, message File not found
::1 - - [26/Jan/2026 22:25:18] "GET /.well-known/appspecific/com.chrome.devtools.json HTTP/1.1" 404 -
::1 - - [26/Jan/2026 22:25:18] "GET /js/admin.js HTTP/1.1" 200 -
::1 - - [26/Jan/2026 22:25:18] code 404, message File not found
::1 - - [26/Jan/2026 22:25:18] "GET /api/health HTTP/1.1" 404 -
::1 - - [26/Jan/2026 22:25:18] code 404, message File not found
::1 - - [26/Jan/2026 22:25:18] "GET /api/settings/theme HTTP/1.1" 404 -
::1 - - [26/Jan/2026 22:25:19] "GET /? HTTP/1.1" 304 -
::1 - - [26/Jan/2026 22:25:19] code 404, message File not found
::1 - - [26/Jan/2026 22:25:19] "GET /.well-known/appspecific/com.chrome.devtools.json HTTP/1.1" 404 -
::1 - - [26/Jan/2026 22:25:19] code 404, message File not found
::1 - - [26/Jan/2026 22:25:19] "GET /api/health HTTP/1.1" 404 -
::1 - - [26/Jan/2026 22:25:19] code 404, message File not found
::1 - - [26/Jan/2026 22:25:19] "GET /api/settings/theme HTTP/1.1" 404 -
::1 - - [26/Jan/2026 22:30:10] "GET /? HTTP/1.1" 304 -
::1 - - [26/Jan/2026 22:30:10] code 404, message File not found
::1 - - [26/Jan/2026 22:30:10] "GET /.well-known/appspecific/com.chrome.devtools.json HTTP/1.1" 404 -
::1 - - [26/Jan/2026 22:30:10] "GET /js/admin.js HTTP/1.1" 304 -
::1 - - [26/Jan/2026 22:30:10] code 404, message File not found
::1 - - [26/Jan/2026 22:30:10] "GET /api/health HTTP/1.1" 404 -
::1 - - [26/Jan/2026 22:30:10] code 404, message File not found
::1 - - [26/Jan/2026 22:30:10] "GET /api/settings/theme HTTP/1.1" 404 -
::1 - - [26/Jan/2026 22:32:59] code 501, message Unsupported method ('POST')
::1 - - [26/Jan/2026 22:32:59] "POST /api/auth/login HTTP/1.1" 501 -
::1 - - [26/Jan/2026 22:33:25] "GET /? HTTP/1.1" 304 -
::1 - - [26/Jan/2026 22:33:26] "GET /js/admin.js HTTP/1.1" 200 -
::1 - - [26/Jan/2026 22:33:26] code 404, message File not found
::1 - - [26/Jan/2026 22:33:26] "GET /.well-known/appspecific/com.chrome.devtools.json HTTP/1.1" 404 -
::1 - - [26/Jan/2026 22:33:26] code 404, message File not found
::1 - - [26/Jan/2026 22:33:26] "GET /api/health HTTP/1.1" 404 -
::1 - - [26/Jan/2026 22:33:26] code 404, message File not found
::1 - - [26/Jan/2026 22:33:26] "GET /api/settings/theme HTTP/1.1" 404 -
::1 - - [26/Jan/2026 22:33:28] code 501, message Unsupported method ('POST')
::1 - - [26/Jan/2026 22:33:28] "POST /api/auth/login HTTP/1.1" 501 -
::1 - - [26/Jan/2026 22:38:37] "GET /? HTTP/1.1" 304 -
::1 - - [26/Jan/2026 22:38:37] code 404, message File not found
::1 - - [26/Jan/2026 22:38:37] "GET /.well-known/appspecific/com.chrome.devtools.json HTTP/1.1" 404 -
::1 - - [26/Jan/2026 22:38:37] "GET /js/admin.js HTTP/1.1" 304 -
::1 - - [26/Jan/2026 22:38:37] code 404, message File not found
::1 - - [26/Jan/2026 22:38:37] "GET /api/health HTTP/1.1" 404 -
::1 - - [26/Jan/2026 22:38:37] code 404, message File not found
::1 - - [26/Jan/2026 22:38:37] "GET /api/settings/theme HTTP/1.1" 404 -
::1 - - [26/Jan/2026 22:38:38] "GET /? HTTP/1.1" 304 -
::1 - - [26/Jan/2026 22:38:38] code 404, message File not found
::1 - - [26/Jan/2026 22:38:38] "GET /.well-known/appspecific/com.chrome.devtools.json HTTP/1.1" 404 -
::1 - - [26/Jan/2026 22:38:38] code 404, message File not found
::1 - - [26/Jan/2026 22:38:38] "GET /api/health HTTP/1.1" 404 -
::1 - - [26/Jan/2026 22:38:38] code 404, message File not found
::1 - - [26/Jan/2026 22:38:38] "GET /api/settings/theme HTTP/1.1" 404 -
::1 - - [26/Jan/2026 22:39:15] "GET /? HTTP/1.1" 304 -
::1 - - [26/Jan/2026 22:39:15] code 404, message File not found
::1 - - [26/Jan/2026 22:39:15] "GET /.well-known/appspecific/com.chrome.devtools.json HTTP/1.1" 404 -
::1 - - [26/Jan/2026 22:39:15] code 404, message File not found
::1 - - [26/Jan/2026 22:39:15] "GET /api/health HTTP/1.1" 404 -
::1 - - [26/Jan/2026 22:39:15] code 404, message File not found
::1 - - [26/Jan/2026 22:39:15] "GET /api/settings/theme HTTP/1.1" 404 -
::1 - - [26/Jan/2026 22:39:26] code 501, message Unsupported method ('POST')
::1 - - [26/Jan/2026 22:39:26] "POST /api/auth/login HTTP/1.1" 501 -
::1 - - [26/Jan/2026 22:42:04] "GET /? HTTP/1.1" 304 -
::1 - - [26/Jan/2026 22:42:04] code 404, message File not found
::1 - - [26/Jan/2026 22:42:04] "GET /.well-known/appspecific/com.chrome.devtools.json HTTP/1.1" 404 -
::1 - - [26/Jan/2026 22:42:04] "GET /js/admin.js HTTP/1.1" 304 -
::1 - - [26/Jan/2026 22:42:04] code 404, message File not found
::1 - - [26/Jan/2026 22:42:04] "GET /api/health HTTP/1.1" 404 -
::1 - - [26/Jan/2026 22:42:04] code 404, message File not found
::1 - - [26/Jan/2026 22:42:04] "GET /api/settings/theme HTTP/1.1" 404 -
